Utilization in space "vm_space": 0 live bytes, 237703168 total bytes, 0.00 %
Utilization in space "immortal": 0 live bytes, 2416640 total bytes, 0.00 %
Utilization in space "los": 2591296 live bytes, 2854912 total bytes, 90.77 %
Utilization in space "nonmoving": 1996768 live bytes, 3608576 total bytes, 55.33 %
Utilization in space "immix": 4335466 live bytes, 5992448 total bytes, 72.35 %
Utilization in space "immix": 6679326 live bytes, 8527872 total bytes, 78.32 %
Utilization in space "immortal": 0 live bytes, 2416640 total bytes, 0.00 %
Utilization in space "los": 2591296 live bytes, 2854912 total bytes, 90.77 %
Utilization in space "nonmoving": 2136096 live bytes, 4481024 total bytes, 47.67 %
Utilization in space "vm_space": 0 live bytes, 237703168 total bytes, 0.00 %
Utilization in space "vm_space": 0 live bytes, 237703168 total bytes, 0.00 %
Utilization in space "los": 4079680 live bytes, 4984832 total bytes, 81.84 %
Utilization in space "nonmoving": 2138440 live bytes, 4481024 total bytes, 47.72 %
Utilization in space "immix": 10042748 live bytes, 24473600 total bytes, 41.04 %
Utilization in space "immortal": 0 live bytes, 2416640 total bytes, 0.00 %
Utilization in space "immix": 15287606 live bytes, 40378368 total bytes, 37.86 %
Utilization in space "los": 5810048 live bytes, 7524352 total bytes, 77.22 %
Utilization in space "nonmoving": 2138440 live bytes, 4481024 total bytes, 47.72 %
Utilization in space "immortal": 0 live bytes, 2416640 total bytes, 0.00 %
Utilization in space "vm_space": 0 live bytes, 237703168 total bytes, 0.00 %
Utilization in space "los": 9827840 live bytes, 12947456 total bytes, 75.91 %
Utilization in space "nonmoving": 2138440 live bytes, 4481024 total bytes, 47.72 %
Utilization in space "immix": 24519912 live bytes, 69144576 total bytes, 35.46 %
Utilization in space "immortal": 0 live bytes, 2416640 total bytes, 0.00 %
Utilization in space "vm_space": 0 live bytes, 237703168 total bytes, 0.00 %
Utilization in space "immortal": 0 live bytes, 2416640 total bytes, 0.00 %
Utilization in space "nonmoving": 2219304 live bytes, 4481024 total bytes, 49.53 %
Utilization in space "vm_space": 0 live bytes, 237703168 total bytes, 0.00 %
Utilization in space "immix": 28684743 live bytes, 73932800 total bytes, 38.80 %
Utilization in space "los": 10294720 live bytes, 13631488 total bytes, 75.52 %
[ Info: Setting GC memory pressure callback
Utilization in space "immix": 30367360 live bytes, 75513856 total bytes, 40.21 %
Utilization in space "vm_space": 0 live bytes, 266162176 total bytes, 0.00 %
Utilization in space "immortal": 0 live bytes, 3629056 total bytes, 0.00 %
Utilization in space "los": 10901568 live bytes, 14315520 total bytes, 76.15 %
Utilization in space "nonmoving": 2853448 live bytes, 4915200 total bytes, 58.05 %
Utilization in space "immortal": 0 live bytes, 3629056 total bytes, 0.00 %
Utilization in space "nonmoving": 2936424 live bytes, 4915200 total bytes, 59.74 %
Utilization in space "los": 10948224 live bytes, 14376960 total bytes, 76.15 %
Utilization in space "vm_space": 0 live bytes, 266162176 total bytes, 0.00 %
Utilization in space "immix": 33163273 live bytes, 79175680 total bytes, 41.89 %
Utilization in space "immix": 37080464 live bytes, 83877888 total bytes, 44.21 %
Utilization in space "nonmoving": 2986504 live bytes, 4915200 total bytes, 60.76 %
Utilization in space "immortal": 0 live bytes, 3629056 total bytes, 0.00 %
Utilization in space "los": 10997504 live bytes, 14442496 total bytes, 76.15 %
Utilization in space "vm_space": 0 live bytes, 266162176 total bytes, 0.00 %
Utilization in space "nonmoving": 3044344 live bytes, 4915200 total bytes, 61.94 %
Utilization in space "immix": 39941586 live bytes, 87269376 total bytes, 45.77 %
Utilization in space "vm_space": 0 live bytes, 266162176 total bytes, 0.00 %
Utilization in space "los": 11116608 live bytes, 14585856 total bytes, 76.21 %
Utilization in space "immortal": 0 live bytes, 3629056 total bytes, 0.00 %
Utilization in space "immix": 31538984 live bytes, 77475840 total bytes, 40.71 %
Utilization in space "nonmoving": 3062624 live bytes, 4915200 total bytes, 62.31 %
Utilization in space "immortal": 0 live bytes, 3629056 total bytes, 0.00 %
Utilization in space "los": 11119168 live bytes, 14589952 total bytes, 76.21 %
Utilization in space "vm_space": 0 live bytes, 266162176 total bytes, 0.00 %
Utilization in space "vm_space": 0 live bytes, 266162176 total bytes, 0.00 %
Utilization in space "nonmoving": 3172296 live bytes, 4915200 total bytes, 64.54 %
Utilization in space "immix": 38907529 live bytes, 86458368 total bytes, 45.00 %
Utilization in space "los": 11153792 live bytes, 14643200 total bytes, 76.17 %
Utilization in space "immortal": 0 live bytes, 3674112 total bytes, 0.00 %
Utilization in space "nonmoving": 3234656 live bytes, 4915200 total bytes, 65.81 %
Utilization in space "los": 11168064 live bytes, 14659584 total bytes, 76.18 %
Utilization in space "vm_space": 0 live bytes, 266162176 total bytes, 0.00 %
Utilization in space "immortal": 0 live bytes, 3674112 total bytes, 0.00 %
Utilization in space "immix": 44612710 live bytes, 93753344 total bytes, 47.59 %
Utilization in space "nonmoving": 3252440 live bytes, 5066752 total bytes, 64.19 %
Utilization in space "los": 11260928 live bytes, 14798848 total bytes, 76.09 %
Utilization in space "immix": 45061076 live bytes, 94208000 total bytes, 47.83 %
Utilization in space "vm_space": 0 live bytes, 266162176 total bytes, 0.00 %
Utilization in space "immortal": 0 live bytes, 3674112 total bytes, 0.00 %
Utilization in space "immix": 31946018 live bytes, 95969280 total bytes, 33.29 %
Utilization in space "vm_space": 0 live bytes, 266162176 total bytes, 0.00 %
Utilization in space "los": 11337408 live bytes, 14913536 total bytes, 76.02 %
Utilization in space "immortal": 0 live bytes, 3674112 total bytes, 0.00 %
Utilization in space "nonmoving": 3514064 live bytes, 5562368 total bytes, 63.18 %
Utilization in space "immix": 34119392 live bytes, 117014528 total bytes, 29.16 %
Utilization in space "nonmoving": 4155672 live bytes, 6758400 total bytes, 61.49 %
Utilization in space "los": 11340160 live bytes, 14917632 total bytes, 76.02 %
Utilization in space "vm_space": 0 live bytes, 266162176 total bytes, 0.00 %
Utilization in space "immortal": 0 live bytes, 3674112 total bytes, 0.00 %
Utilization in space "vm_space": 0 live bytes, 266162176 total bytes, 0.00 %
Utilization in space "nonmoving": 4844144 live bytes, 7864320 total bytes, 61.60 %
Utilization in space "immix": 37146574 live bytes, 137400320 total bytes, 27.04 %
Utilization in space "immortal": 0 live bytes, 3706880 total bytes, 0.00 %
Utilization in space "los": 11340160 live bytes, 14917632 total bytes, 76.02 %
Utilization in space "nonmoving": 5643008 live bytes, 9818112 total bytes, 57.48 %
Utilization in space "vm_space": 0 live bytes, 266162176 total bytes, 0.00 %
Utilization in space "immortal": 0 live bytes, 3706880 total bytes, 0.00 %
Utilization in space "los": 11340160 live bytes, 14917632 total bytes, 76.02 %
Utilization in space "immix": 39817120 live bytes, 160522240 total bytes, 24.80 %
Utilization in space "nonmoving": 6494104 live bytes, 11210752 total bytes, 57.93 %
Utilization in space "los": 11340160 live bytes, 14917632 total bytes, 76.02 %
Utilization in space "immix": 44486494 live bytes, 183611392 total bytes, 24.23 %
Utilization in space "vm_space": 0 live bytes, 266162176 total bytes, 0.00 %
Utilization in space "immortal": 0 live bytes, 3739648 total bytes, 0.00 %
Utilization in space "vm_space": 0 live bytes, 266162176 total bytes, 0.00 %
Utilization in space "los": 11357952 live bytes, 14942208 total bytes, 76.01 %
Utilization in space "immortal": 0 live bytes, 3772416 total bytes, 0.00 %
Utilization in space "immix": 50632668 live bytes, 209551360 total bytes, 24.16 %
Utilization in space "nonmoving": 7597176 live bytes, 13443072 total bytes, 56.51 %
Utilization in space "immortal": 0 live bytes, 3772416 total bytes, 0.00 %
Utilization in space "vm_space": 0 live bytes, 266162176 total bytes, 0.00 %
Utilization in space "nonmoving": 8147144 live bytes, 13443072 total bytes, 60.60 %
Utilization in space "los": 11357952 live bytes, 14942208 total bytes, 76.01 %
Utilization in space "immix": 66200114 live bytes, 227815424 total bytes, 29.06 %
Utilization in space "vm_space": 0 live bytes, 266162176 total bytes, 0.00 %
Utilization in space "immortal": 0 live bytes, 3772416 total bytes, 0.00 %
Utilization in space "los": 11563712 live bytes, 15192064 total bytes, 76.12 %
Utilization in space "nonmoving": 8266848 live bytes, 14295040 total bytes, 57.83 %
Utilization in space "immix": 50616391 live bytes, 213651456 total bytes, 23.69 %
Utilization in space "immix": 54378951 live bytes, 222011392 total bytes, 24.49 %
Utilization in space "los": 11580416 live bytes, 15216640 total bytes, 76.10 %
Utilization in space "immortal": 0 live bytes, 3772416 total bytes, 0.00 %
Utilization in space "nonmoving": 8585632 live bytes, 14295040 total bytes, 60.06 %
Utilization in space "vm_space": 0 live bytes, 266162176 total bytes, 0.00 %
Utilization in space "los": 11667264 live bytes, 15339520 total bytes, 76.06 %
Utilization in space "nonmoving": 8849208 live bytes, 14901248 total bytes, 59.39 %
Utilization in space "immix": 58317499 live bytes, 230522880 total bytes, 25.30 %
Utilization in space "immortal": 0 live bytes, 3772416 total bytes, 0.00 %
Utilization in space "vm_space": 0 live bytes, 266162176 total bytes, 0.00 %
Utilization in space "immortal": 0 live bytes, 3772416 total bytes, 0.00 %
Utilization in space "los": 11758784 live bytes, 15462400 total bytes, 76.05 %
Utilization in space "immix": 64351184 live bytes, 242049024 total bytes, 26.59 %
Utilization in space "nonmoving": 9177568 live bytes, 15110144 total bytes, 60.74 %
Utilization in space "vm_space": 0 live bytes, 266162176 total bytes, 0.00 %
Utilization in space "vm_space": 0 live bytes, 266162176 total bytes, 0.00 %
Utilization in space "immortal": 0 live bytes, 3772416 total bytes, 0.00 %
Utilization in space "immix": 68732089 live bytes, 250236928 total bytes, 27.47 %
Utilization in space "los": 11883904 live bytes, 15630336 total bytes, 76.03 %
Utilization in space "nonmoving": 9418304 live bytes, 15663104 total bytes, 60.13 %
Utilization in space "los": 11946816 live bytes, 15720448 total bytes, 76.00 %
Utilization in space "immix": 73402223 live bytes, 258400256 total bytes, 28.41 %
Utilization in space "immortal": 0 live bytes, 3772416 total bytes, 0.00 %
Utilization in space "nonmoving": 9677272 live bytes, 16154624 total bytes, 59.90 %
Utilization in space "vm_space": 0 live bytes, 266162176 total bytes, 0.00 %
Utilization in space "immix": 77977860 live bytes, 267952128 total bytes, 29.10 %
Utilization in space "immortal": 0 live bytes, 3772416 total bytes, 0.00 %
Utilization in space "los": 11996608 live bytes, 15794176 total bytes, 75.96 %
Utilization in space "nonmoving": 9933128 live bytes, 16805888 total bytes, 59.11 %
Utilization in space "vm_space": 0 live bytes, 266162176 total bytes, 0.00 %
Utilization in space "nonmoving": 10233592 live bytes, 17137664 total bytes, 59.71 %
Utilization in space "immix": 82123098 live bytes, 279736320 total bytes, 29.36 %
Utilization in space "los": 12066496 live bytes, 15892480 total bytes, 75.93 %
Utilization in space "immortal": 0 live bytes, 3772416 total bytes, 0.00 %
Utilization in space "vm_space": 0 live bytes, 266162176 total bytes, 0.00 %
Utilization in space "immix": 87290846 live bytes, 291307520 total bytes, 29.97 %
Utilization in space "los": 12093120 live bytes, 15941632 total bytes, 75.86 %
Utilization in space "immortal": 0 live bytes, 3772416 total bytes, 0.00 %
Utilization in space "nonmoving": 10542072 live bytes, 17866752 total bytes, 59.00 %
Utilization in space "vm_space": 0 live bytes, 266162176 total bytes, 0.00 %
Utilization in space "vm_space": 0 live bytes, 266162176 total bytes, 0.00 %
Utilization in space "immortal": 0 live bytes, 3772416 total bytes, 0.00 %
Utilization in space "immix": 92619604 live bytes, 302542848 total bytes, 30.61 %
Utilization in space "los": 12182912 live bytes, 16068608 total bytes, 75.82 %
Utilization in space "nonmoving": 10795632 live bytes, 18149376 total bytes, 59.48 %
Utilization in space "nonmoving": 11095208 live bytes, 18784256 total bytes, 59.07 %
Utilization in space "immix": 99381683 live bytes, 315682816 total bytes, 31.48 %
Utilization in space "vm_space": 0 live bytes, 266162176 total bytes, 0.00 %
Utilization in space "immortal": 0 live bytes, 3772416 total bytes, 0.00 %
Utilization in space "los": 12246144 live bytes, 16171008 total bytes, 75.73 %
Utilization in space "los": 12350784 live bytes, 16330752 total bytes, 75.63 %
Utilization in space "nonmoving": 11383056 live bytes, 19423232 total bytes, 58.61 %
Utilization in space "vm_space": 0 live bytes, 266162176 total bytes, 0.00 %
Utilization in space "immortal": 0 live bytes, 3772416 total bytes, 0.00 %
Utilization in space "immix": 103537655 live bytes, 326021120 total bytes, 31.76 %
Utilization in space "vm_space": 0 live bytes, 266162176 total bytes, 0.00 %
Utilization in space "los": 12392256 live bytes, 16392192 total bytes, 75.60 %
Utilization in space "immix": 110611882 live bytes, 340197376 total bytes, 32.51 %
Utilization in space "immortal": 0 live bytes, 3809280 total bytes, 0.00 %
Utilization in space "nonmoving": 11671408 live bytes, 20324352 total bytes, 57.43 %
Utilization in space "immortal": 0 live bytes, 3809280 total bytes, 0.00 %
Utilization in space "nonmoving": 12016000 live bytes, 20475904 total bytes, 58.68 %
Utilization in space "los": 12528576 live bytes, 16592896 total bytes, 75.51 %
Utilization in space "vm_space": 0 live bytes, 266162176 total bytes, 0.00 %
Utilization in space "immix": 118757430 live bytes, 357806080 total bytes, 33.19 %
Utilization in space "immortal": 0 live bytes, 3809280 total bytes, 0.00 %
Utilization in space "immix": 126241436 live bytes, 370298880 total bytes, 34.09 %
Utilization in space "los": 12672064 live bytes, 16834560 total bytes, 75.27 %
Utilization in space "vm_space": 0 live bytes, 266162176 total bytes, 0.00 %
Utilization in space "nonmoving": 12327000 live bytes, 20889600 total bytes, 59.01 %
Utilization in space "los": 12706112 live bytes, 16883712 total bytes, 75.26 %
Utilization in space "nonmoving": 12520208 live bytes, 21417984 total bytes, 58.46 %
Utilization in space "vm_space": 0 live bytes, 266162176 total bytes, 0.00 %
Utilization in space "immix": 144023737 live bytes, 392663040 total bytes, 36.68 %
Utilization in space "immortal": 0 live bytes, 3809280 total bytes, 0.00 %
Utilization in space "nonmoving": 13032832 live bytes, 22155264 total bytes, 58.82 %
Utilization in space "los": 12752832 live bytes, 16953344 total bytes, 75.22 %
Utilization in space "immortal": 0 live bytes, 3809280 total bytes, 0.00 %
Utilization in space "vm_space": 0 live bytes, 266162176 total bytes, 0.00 %
Utilization in space "immix": 155377474 live bytes, 413847552 total bytes, 37.54 %
Utilization in space "vm_space": 0 live bytes, 266162176 total bytes, 0.00 %
Utilization in space "immortal": 0 live bytes, 3809280 total bytes, 0.00 %
Utilization in space "los": 12932928 live bytes, 17195008 total bytes, 75.21 %
Utilization in space "nonmoving": 13513592 live bytes, 23109632 total bytes, 58.48 %
Utilization in space "immix": 160657767 live bytes, 428814336 total bytes, 37.47 %
Utilization in space "immix": 167500706 live bytes, 446976000 total bytes, 37.47 %
Utilization in space "vm_space": 0 live bytes, 266162176 total bytes, 0.00 %
Utilization in space "immortal": 0 live bytes, 3809280 total bytes, 0.00 %
Utilization in space "los": 13052672 live bytes, 17362944 total bytes, 75.18 %
Utilization in space "nonmoving": 13937712 live bytes, 23867392 total bytes, 58.40 %
Utilization in space "los": 13153472 live bytes, 17510400 total bytes, 75.12 %
Utilization in space "immix": 176996043 live bytes, 466804736 total bytes, 37.92 %
Utilization in space "immortal": 0 live bytes, 3809280 total bytes, 0.00 %
Utilization in space "nonmoving": 14330744 live bytes, 24653824 total bytes, 58.13 %
Utilization in space "vm_space": 0 live bytes, 266162176 total bytes, 0.00 %
Utilization in space "immix": 182312544 live bytes, 482422784 total bytes, 37.79 %
Utilization in space "los": 13236608 live bytes, 17633280 total bytes, 75.07 %
Utilization in space "immortal": 0 live bytes, 3809280 total bytes, 0.00 %
Utilization in space "nonmoving": 14812512 live bytes, 25559040 total bytes, 57.95 %
Utilization in space "vm_space": 0 live bytes, 266162176 total bytes, 0.00 %
Utilization in space "immix": 190953339 live bytes, 502202368 total bytes, 38.02 %
Utilization in space "los": 13359360 live bytes, 17813504 total bytes, 75.00 %
Utilization in space "nonmoving": 15248936 live bytes, 26136576 total bytes, 58.34 %
Utilization in space "vm_space": 0 live bytes, 266162176 total bytes, 0.00 %
Utilization in space "immortal": 0 live bytes, 3809280 total bytes, 0.00 %
Utilization in space "immortal": 0 live bytes, 3809280 total bytes, 0.00 %
Utilization in space "los": 13484608 live bytes, 18014208 total bytes, 74.86 %
Utilization in space "vm_space": 0 live bytes, 266162176 total bytes, 0.00 %
Utilization in space "immix": 198881893 live bytes, 520384512 total bytes, 38.22 %
Utilization in space "nonmoving": 15674328 live bytes, 27336704 total bytes, 57.34 %
Utilization in space "immix": 208354268 live bytes, 542134272 total bytes, 38.43 %
Utilization in space "vm_space": 0 live bytes, 266162176 total bytes, 0.00 %
Utilization in space "immortal": 0 live bytes, 3809280 total bytes, 0.00 %
Utilization in space "nonmoving": 16137640 live bytes, 28536832 total bytes, 56.55 %
Utilization in space "los": 13580480 live bytes, 18153472 total bytes, 74.81 %
Utilization in space "immortal": 0 live bytes, 3809280 total bytes, 0.00 %
Utilization in space "nonmoving": 16636688 live bytes, 28602368 total bytes, 58.17 %
Utilization in space "vm_space": 0 live bytes, 266162176 total bytes, 0.00 %
Utilization in space "los": 13763648 live bytes, 18444288 total bytes, 74.62 %
Utilization in space "immix": 222120414 live bytes, 566538240 total bytes, 39.21 %
Utilization in space "nonmoving": 16826176 live bytes, 29061120 total bytes, 57.90 %
Utilization in space "vm_space": 0 live bytes, 266162176 total bytes, 0.00 %
Utilization in space "los": 13827776 live bytes, 18546688 total bytes, 74.56 %
Utilization in space "immix": 238872680 live bytes, 590872576 total bytes, 40.43 %
Utilization in space "immortal": 0 live bytes, 3809280 total bytes, 0.00 %
(value = nothing, times = 0x00000008bc0059ab, gc_diff = Base.GC_Diff(8536752444, 125556, 0, 48320941, 626, 123815, 5205312735, 37, 37), gc_start = Base.GC_Num(619457266, 0, 74793928, 9261, 0, 4844664, 1657, 8036, 686364054, 0, 0x0000000002bc0000, 10, 10, 0, 0, 36629, 36629, 239322, 0, 0, 0, 0, 0, 0, 0, 0, 0, 0, 0), gc_end = Base.GC_Num(9156209710, 0, 746606912, 134817, 0, 53165605, 2283, 131851, 5891676789, 0, 0x0000000002bc0000, 47, 47, 0, 0, 26550, 36629, 1295888, 0, 0, 0, 0, 0, 0, 0, 0, 0, 0, 0))
