Utilization in space "immortal": 0 live bytes, 2416640 total bytes, 0.00 %
Utilization in space "los": 2572608 live bytes, 2830336 total bytes, 90.89 %
Utilization in space "immix": 5939874 live bytes, 28553216 total bytes, 20.80 %
Utilization in space "vm_space": 0 live bytes, 237826048 total bytes, 0.00 %
Utilization in space "nonmoving": 2094288 live bytes, 4530176 total bytes, 46.23 %
Utilization in space "immix": 11991904 live bytes, 47271936 total bytes, 25.37 %
Utilization in space "nonmoving": 2138160 live bytes, 4530176 total bytes, 47.20 %
Utilization in space "immortal": 0 live bytes, 2416640 total bytes, 0.00 %
Utilization in space "vm_space": 0 live bytes, 237826048 total bytes, 0.00 %
Utilization in space "los": 4714240 live bytes, 5910528 total bytes, 79.76 %
Utilization in space "immix": 19652010 live bytes, 67715072 total bytes, 29.02 %
Utilization in space "vm_space": 0 live bytes, 237826048 total bytes, 0.00 %
Utilization in space "immortal": 0 live bytes, 2416640 total bytes, 0.00 %
Utilization in space "los": 7206784 live bytes, 9560064 total bytes, 75.38 %
Utilization in space "nonmoving": 2138160 live bytes, 4530176 total bytes, 47.20 %
Utilization in space "vm_space": 0 live bytes, 237826048 total bytes, 0.00 %
Utilization in space "nonmoving": 2144240 live bytes, 4530176 total bytes, 47.33 %
Utilization in space "los": 10261120 live bytes, 13582336 total bytes, 75.55 %
Utilization in space "immix": 27114646 live bytes, 106766336 total bytes, 25.40 %
Utilization in space "immortal": 0 live bytes, 2416640 total bytes, 0.00 %
[ Info: Setting GC memory pressure callback
Utilization in space "immortal": 0 live bytes, 2727936 total bytes, 0.00 %
Utilization in space "los": 10250624 live bytes, 13611008 total bytes, 75.31 %
Utilization in space "immix": 29757392 live bytes, 123183104 total bytes, 24.16 %
Utilization in space "nonmoving": 2824696 live bytes, 4907008 total bytes, 57.56 %
Utilization in space "vm_space": 0 live bytes, 266297344 total bytes, 0.00 %
Utilization in space "immortal": 0 live bytes, 3629056 total bytes, 0.00 %
Utilization in space "nonmoving": 2960752 live bytes, 4907008 total bytes, 60.34 %
Utilization in space "immix": 34340282 live bytes, 158330880 total bytes, 21.69 %
Utilization in space "vm_space": 0 live bytes, 266297344 total bytes, 0.00 %
Utilization in space "los": 10997760 live bytes, 14434304 total bytes, 76.19 %
Utilization in space "immix": 45193528 live bytes, 213245952 total bytes, 21.19 %
Utilization in space "immortal": 0 live bytes, 3629056 total bytes, 0.00 %
Utilization in space "los": 11145920 live bytes, 14618624 total bytes, 76.24 %
Utilization in space "nonmoving": 3146104 live bytes, 4907008 total bytes, 64.11 %
Utilization in space "vm_space": 0 live bytes, 266297344 total bytes, 0.00 %
Utilization in space "immix": 43150530 live bytes, 236052480 total bytes, 18.28 %
Utilization in space "nonmoving": 3233936 live bytes, 5439488 total bytes, 59.45 %
Utilization in space "los": 11329216 live bytes, 14897152 total bytes, 76.05 %
Utilization in space "immortal": 0 live bytes, 3674112 total bytes, 0.00 %
Utilization in space "vm_space": 0 live bytes, 266297344 total bytes, 0.00 %
Utilization in space "immix": 38349039 live bytes, 289423360 total bytes, 13.25 %
Utilization in space "nonmoving": 5087616 live bytes, 9199616 total bytes, 55.30 %
Utilization in space "vm_space": 0 live bytes, 266297344 total bytes, 0.00 %
Utilization in space "los": 11366912 live bytes, 14946304 total bytes, 76.05 %
Utilization in space "immortal": 0 live bytes, 3706880 total bytes, 0.00 %
Utilization in space "immix": 48616753 live bytes, 389955584 total bytes, 12.47 %
Utilization in space "nonmoving": 7192184 live bytes, 14139392 total bytes, 50.87 %
Utilization in space "los": 11375616 live bytes, 14958592 total bytes, 76.05 %
Utilization in space "immortal": 0 live bytes, 3739648 total bytes, 0.00 %
Utilization in space "vm_space": 0 live bytes, 266297344 total bytes, 0.00 %
Utilization in space "immix": 50024318 live bytes, 406745088 total bytes, 12.30 %
Utilization in space "immortal": 0 live bytes, 3772416 total bytes, 0.00 %
Utilization in space "los": 11573248 live bytes, 15196160 total bytes, 76.16 %
Utilization in space "nonmoving": 8193712 live bytes, 14594048 total bytes, 56.14 %
Utilization in space "vm_space": 0 live bytes, 266297344 total bytes, 0.00 %
Utilization in space "immix": 63589620 live bytes, 510038016 total bytes, 12.47 %
Utilization in space "los": 11735552 live bytes, 15433728 total bytes, 76.04 %
Utilization in space "vm_space": 0 live bytes, 266297344 total bytes, 0.00 %
Utilization in space "nonmoving": 9156736 live bytes, 15704064 total bytes, 58.31 %
Utilization in space "immortal": 0 live bytes, 3772416 total bytes, 0.00 %
Utilization in space "nonmoving": 9948736 live bytes, 17289216 total bytes, 57.54 %
Utilization in space "immortal": 0 live bytes, 3772416 total bytes, 0.00 %
Utilization in space "los": 12021184 live bytes, 15822848 total bytes, 75.97 %
Utilization in space "immix": 78701791 live bytes, 603160576 total bytes, 13.05 %
Utilization in space "vm_space": 0 live bytes, 266297344 total bytes, 0.00 %
Utilization in space "vm_space": 0 live bytes, 266297344 total bytes, 0.00 %
Utilization in space "immix": 94298390 live bytes, 700776448 total bytes, 13.46 %
Utilization in space "nonmoving": 10859672 live bytes, 19066880 total bytes, 56.96 %
Utilization in space "immortal": 0 live bytes, 3772416 total bytes, 0.00 %
Utilization in space "los": 12222592 live bytes, 16117760 total bytes, 75.83 %
Utilization in space "immix": 110856577 live bytes, 796377088 total bytes, 13.92 %
Utilization in space "los": 12440704 live bytes, 16445440 total bytes, 75.65 %
Utilization in space "immortal": 0 live bytes, 3809280 total bytes, 0.00 %
Utilization in space "vm_space": 0 live bytes, 266297344 total bytes, 0.00 %
Utilization in space "nonmoving": 11764216 live bytes, 21524480 total bytes, 54.66 %
Utilization in space "immix": 150331838 live bytes, 1000075264 total bytes, 15.03 %
Utilization in space "los": 12752192 live bytes, 16941056 total bytes, 75.27 %
Utilization in space "nonmoving": 12907904 live bytes, 22835200 total bytes, 56.53 %
Utilization in space "vm_space": 0 live bytes, 266297344 total bytes, 0.00 %
Utilization in space "immortal": 0 live bytes, 3809280 total bytes, 0.00 %
Utilization in space "immortal": 0 live bytes, 3809280 total bytes, 0.00 %
Utilization in space "los": 13237312 live bytes, 17620992 total bytes, 75.12 %
Utilization in space "nonmoving": 14564880 live bytes, 26243072 total bytes, 55.50 %
Utilization in space "vm_space": 0 live bytes, 266297344 total bytes, 0.00 %
Utilization in space "immix": 178221533 live bytes, 1184186368 total bytes, 15.05 %
Utilization in space "immix": 210996665 live bytes, 1379053568 total bytes, 15.30 %
Utilization in space "immortal": 0 live bytes, 3809280 total bytes, 0.00 %
Utilization in space "nonmoving": 16198336 live bytes, 30367744 total bytes, 53.34 %
Utilization in space "vm_space": 0 live bytes, 266297344 total bytes, 0.00 %
Utilization in space "los": 13654592 live bytes, 18247680 total bytes, 74.83 %
(value = nothing, times = 0x0000001064915012, gc_diff = Base.GC_Diff(8536944825, 125564, 0, 48446415, 625, 113775, 37122333544, 11, 11), gc_start = Base.GC_Num(619255030, 0, 76398752, 9250, 0, 4846630, 1661, 8425, 14556034553, 0, 0x0000000002bc0000, 7, 7, 0, 0, 16221, 26149, 133812, 0, 0, 0, 0, 0, 0, 0, 0, 0, 0, 0), gc_end = Base.GC_Num(9156199855, 0, 663762136, 134814, 0, 53293045, 2286, 122200, 51678368097, 0, 0x0000000002bc0000, 18, 18, 0, 0, 15800, 26149, 311328, 0, 0, 0, 0, 0, 0, 0, 0, 0, 0, 0))
