[ Info: Setting GC memory pressure callback
Utilization in space "nonmoving": 3380184 live bytes, 8900608 total bytes, 37.98 %
Utilization in space "immortal": 0 live bytes, 3674112 total bytes, 0.00 %
Utilization in space "los": 11525184 live bytes, 15130624 total bytes, 76.17 %
Utilization in space "vm_space": 0 live bytes, 266158080 total bytes, 0.00 %
Utilization in space "immix": 32165840 live bytes, 128880640 total bytes, 24.96 %
Utilization in space "vm_space": 0 live bytes, 266158080 total bytes, 0.00 %
Utilization in space "immix": 51799254 live bytes, 360132608 total bytes, 14.38 %
Utilization in space "immortal": 0 live bytes, 3772416 total bytes, 0.00 %
Utilization in space "los": 11405760 live bytes, 15007744 total bytes, 76.00 %
Utilization in space "nonmoving": 7917096 live bytes, 17006592 total bytes, 46.55 %
Utilization in space "los": 11734080 live bytes, 15441920 total bytes, 75.99 %
Utilization in space "immix": 59492190 live bytes, 411164672 total bytes, 14.47 %
Utilization in space "nonmoving": 8945544 live bytes, 17006592 total bytes, 52.60 %
Utilization in space "vm_space": 0 live bytes, 266158080 total bytes, 0.00 %
Utilization in space "immortal": 0 live bytes, 3772416 total bytes, 0.00 %
Utilization in space "immix": 76321436 live bytes, 456974336 total bytes, 16.70 %
Utilization in space "los": 12032640 live bytes, 15843328 total bytes, 75.95 %
Utilization in space "immortal": 0 live bytes, 3772416 total bytes, 0.00 %
Utilization in space "vm_space": 0 live bytes, 266158080 total bytes, 0.00 %
Utilization in space "nonmoving": 9853536 live bytes, 17162240 total bytes, 57.41 %
Utilization in space "nonmoving": 10712344 live bytes, 18776064 total bytes, 57.05 %
Utilization in space "immortal": 0 live bytes, 3772416 total bytes, 0.00 %
Utilization in space "vm_space": 0 live bytes, 266158080 total bytes, 0.00 %
Utilization in space "immix": 90662350 live bytes, 496545792 total bytes, 18.26 %
Utilization in space "los": 12221248 live bytes, 16121856 total bytes, 75.81 %
Utilization in space "immix": 107159099 live bytes, 534450176 total bytes, 20.05 %
Utilization in space "nonmoving": 11476400 live bytes, 20414464 total bytes, 56.22 %
Utilization in space "vm_space": 0 live bytes, 266158080 total bytes, 0.00 %
Utilization in space "los": 12414016 live bytes, 16416768 total bytes, 75.62 %
Utilization in space "immortal": 0 live bytes, 3772416 total bytes, 0.00 %
Utilization in space "immortal": 0 live bytes, 3809280 total bytes, 0.00 %
Utilization in space "immix": 124343133 live bytes, 573239296 total bytes, 21.69 %
Utilization in space "los": 12639424 live bytes, 16764928 total bytes, 75.39 %
Utilization in space "vm_space": 0 live bytes, 266158080 total bytes, 0.00 %
Utilization in space "nonmoving": 12265840 live bytes, 21643264 total bytes, 56.67 %
Utilization in space "vm_space": 0 live bytes, 266158080 total bytes, 0.00 %
Utilization in space "immortal": 0 live bytes, 3809280 total bytes, 0.00 %
Utilization in space "los": 12775424 live bytes, 16977920 total bytes, 75.25 %
Utilization in space "nonmoving": 12935456 live bytes, 22519808 total bytes, 57.44 %
Utilization in space "immix": 151656976 live bytes, 629313536 total bytes, 24.10 %
Utilization in space "vm_space": 0 live bytes, 266158080 total bytes, 0.00 %
Utilization in space "immix": 164947247 live bytes, 655605760 total bytes, 25.16 %
Utilization in space "immortal": 0 live bytes, 3809280 total bytes, 0.00 %
Utilization in space "nonmoving": 13759736 live bytes, 23916544 total bytes, 57.53 %
Utilization in space "los": 13091776 live bytes, 17412096 total bytes, 75.19 %
Utilization in space "immix": 176975462 live bytes, 679780352 total bytes, 26.03 %
Utilization in space "immortal": 0 live bytes, 3809280 total bytes, 0.00 %
Utilization in space "vm_space": 0 live bytes, 266158080 total bytes, 0.00 %
Utilization in space "los": 13257792 live bytes, 17653760 total bytes, 75.10 %
Utilization in space "nonmoving": 14469600 live bytes, 25194496 total bytes, 57.43 %
Utilization in space "immortal": 0 live bytes, 3809280 total bytes, 0.00 %
Utilization in space "los": 13389312 live bytes, 17846272 total bytes, 75.03 %
Utilization in space "immix": 189841464 live bytes, 703287296 total bytes, 26.99 %
Utilization in space "nonmoving": 15166544 live bytes, 26476544 total bytes, 57.28 %
Utilization in space "vm_space": 0 live bytes, 266158080 total bytes, 0.00 %
Utilization in space "immortal": 0 live bytes, 3809280 total bytes, 0.00 %
Utilization in space "vm_space": 0 live bytes, 266158080 total bytes, 0.00 %
Utilization in space "nonmoving": 15773784 live bytes, 27811840 total bytes, 56.72 %
Utilization in space "immix": 202461710 live bytes, 723148800 total bytes, 28.00 %
Utilization in space "los": 13557504 live bytes, 18108416 total bytes, 74.87 %
Utilization in space "immix": 216560136 live bytes, 744452096 total bytes, 29.09 %
Utilization in space "nonmoving": 16418416 live bytes, 28971008 total bytes, 56.67 %
Utilization in space "vm_space": 0 live bytes, 266158080 total bytes, 0.00 %
Utilization in space "immortal": 0 live bytes, 3809280 total bytes, 0.00 %
Utilization in space "los": 13724608 live bytes, 18358272 total bytes, 74.76 %
Utilization in space "los": 13875584 live bytes, 18608128 total bytes, 74.57 %
Utilization in space "immix": 229421560 live bytes, 761192448 total bytes, 30.14 %
Utilization in space "nonmoving": 16741560 live bytes, 28971008 total bytes, 57.79 %
Utilization in space "vm_space": 0 live bytes, 266158080 total bytes, 0.00 %
Utilization in space "immortal": 0 live bytes, 3809280 total bytes, 0.00 %
(value = nothing, times = 0x00000007bfc049ef, gc_diff = Base.GC_Diff(8538994558, 125566, 0, 47537123, 626, 130656, 1867200095, 14, 14), gc_start = Base.GC_Num(619607422, 0, 0, 9254, 0, 4711188, 1666, 0, 0, 0, 0x0000000002bc0000, 0, 0, 0, 0, 0, 0, 0, 0, 0, 0, 0, 0, 0, 0, 0, 0, 0, 0), gc_end = Base.GC_Num(9158601980, 0, 741737136, 134820, 0, 52248311, 2292, 130656, 1867200095, 0, 0x0000000002bc0000, 14, 14, 0, 0, 27243, 28436, 352999, 0, 0, 0, 0, 0, 0, 0, 0, 0, 0, 0))
