[ Info: Setting GC memory pressure callback
Utilization in space "immortal": 0 live bytes, 3706880 total bytes, 0.00 %
Utilization in space "immix": 39852622 live bytes, 442830848 total bytes, 9.00 %
Utilization in space "los": 11518208 live bytes, 15122432 total bytes, 76.17 %
Utilization in space "vm_space": 0 live bytes, 266117120 total bytes, 0.00 %
Utilization in space "nonmoving": 5622736 live bytes, 14311424 total bytes, 39.29 %
Utilization in space "nonmoving": 8797728 live bytes, 18231296 total bytes, 48.26 %
Utilization in space "immortal": 0 live bytes, 3772416 total bytes, 0.00 %
Utilization in space "vm_space": 0 live bytes, 266117120 total bytes, 0.00 %
Utilization in space "los": 11661632 live bytes, 15339520 total bytes, 76.02 %
Utilization in space "immix": 60402124 live bytes, 629297152 total bytes, 9.60 %
Utilization in space "immortal": 0 live bytes, 3772416 total bytes, 0.00 %
Utilization in space "immix": 81330464 live bytes, 781774848 total bytes, 10.40 %
Utilization in space "los": 12059328 live bytes, 15888384 total bytes, 75.90 %
Utilization in space "nonmoving": 10050136 live bytes, 18231296 total bytes, 55.13 %
Utilization in space "vm_space": 0 live bytes, 266117120 total bytes, 0.00 %
Utilization in space "immix": 101485002 live bytes, 891805696 total bytes, 11.38 %
Utilization in space "vm_space": 0 live bytes, 266117120 total bytes, 0.00 %
Utilization in space "immortal": 0 live bytes, 3772416 total bytes, 0.00 %
Utilization in space "los": 12313088 live bytes, 16281600 total bytes, 75.63 %
Utilization in space "nonmoving": 11204288 live bytes, 20357120 total bytes, 55.04 %
Utilization in space "vm_space": 0 live bytes, 266117120 total bytes, 0.00 %
Utilization in space "immix": 123712853 live bytes, 973369344 total bytes, 12.71 %
Utilization in space "nonmoving": 12228304 live bytes, 22196224 total bytes, 55.09 %
Utilization in space "immortal": 0 live bytes, 3809280 total bytes, 0.00 %
Utilization in space "los": 12596672 live bytes, 16695296 total bytes, 75.45 %
Utilization in space "immortal": 0 live bytes, 3809280 total bytes, 0.00 %
Utilization in space "immix": 154317012 live bytes, 1029550080 total bytes, 14.99 %
Utilization in space "los": 12844352 live bytes, 17084416 total bytes, 75.18 %
Utilization in space "nonmoving": 13166864 live bytes, 23347200 total bytes, 56.40 %
Utilization in space "vm_space": 0 live bytes, 266117120 total bytes, 0.00 %
Utilization in space "los": 13161920 live bytes, 17518592 total bytes, 75.13 %
Utilization in space "immortal": 0 live bytes, 3809280 total bytes, 0.00 %
Utilization in space "nonmoving": 14168136 live bytes, 24727552 total bytes, 57.30 %
Utilization in space "immix": 172246478 live bytes, 1062281216 total bytes, 16.21 %
Utilization in space "vm_space": 0 live bytes, 266117120 total bytes, 0.00 %
Utilization in space "immix": 187599079 live bytes, 1084846080 total bytes, 17.29 %
Utilization in space "nonmoving": 15055392 live bytes, 26542080 total bytes, 56.72 %
Utilization in space "los": 13360000 live bytes, 17809408 total bytes, 75.02 %
Utilization in space "immortal": 0 live bytes, 3809280 total bytes, 0.00 %
Utilization in space "vm_space": 0 live bytes, 266117120 total bytes, 0.00 %
Utilization in space "immortal": 0 live bytes, 3809280 total bytes, 0.00 %
Utilization in space "vm_space": 0 live bytes, 266117120 total bytes, 0.00 %
Utilization in space "los": 13543296 live bytes, 18092032 total bytes, 74.86 %
Utilization in space "immix": 204609497 live bytes, 1104707584 total bytes, 18.52 %
Utilization in space "nonmoving": 15820184 live bytes, 28286976 total bytes, 55.93 %
Utilization in space "immortal": 0 live bytes, 3809280 total bytes, 0.00 %
Utilization in space "nonmoving": 16623864 live bytes, 29233152 total bytes, 56.87 %
Utilization in space "los": 13782592 live bytes, 18464768 total bytes, 74.64 %
Utilization in space "vm_space": 0 live bytes, 266117120 total bytes, 0.00 %
Utilization in space "immix": 221522312 live bytes, 1114238976 total bytes, 19.88 %
(value = nothing, times = 0x00000007ca979be2, gc_diff = Base.GC_Diff(8538688204, 125562, 0, 48802960, 625, 127467, 1138794048, 10, 10), gc_start = Base.GC_Num(619564879, 0, 0, 9253, 0, 4709953, 1667, 0, 0, 0, 0x0000000002bc0000, 0, 0, 0, 0, 0, 0, 0, 0, 0, 0, 0, 0, 0, 0, 0, 0, 0, 0), gc_end = Base.GC_Num(9158253083, 0, 685702408, 134815, 0, 53512913, 2292, 127467, 1138794048, 0, 0x0000000002bc0000, 10, 10, 0, 0, 27421, 30037, 277344, 0, 0, 0, 0, 0, 0, 0, 0, 0, 0, 0))
